// Vitest Snapshot v1, https://vitest.dev/guide/snapshot.html

exports[`Avatar > matches light + dark snapshots > dark 1`] = `
<div
  aria-label="Avatar SN"
  class="css-view-g5y9jx"
  role="img"
  style="align-items: center; justify-content: center; border-top-width: 1px; border-right-width: 1px; border-bottom-width: 1px; border-left-width: 1px; overflow-x: hidden; overflow-y: hidden; width: 40px; height: 40px; border-top-left-radius: 20px; border-top-right-radius: 20px; border-bottom-right-radius: 20px; border-bottom-left-radius: 20px; background-color: rgb(29, 53, 48); border-top-color: rgba(62, 219, 165, 0.18); border-right-color: rgba(62, 219, 165, 0.18); border-bottom-color: rgba(62, 219, 165, 0.18); border-left-color: rgba(62, 219, 165, 0.18);"
>
  <div
    class="css-text-146c3p1"
    dir="auto"
    style="color: rgb(221, 232, 226); font-family: DMSans_600SemiBold; font-weight: 600; letter-spacing: 0px; font-size: 15px; line-height: 18px;"
  >
    SN
  </div>
</div>
`;

exports[`Avatar > matches light + dark snapshots > light 1`] = `
<div
  aria-label="Avatar SN"
  class="css-view-g5y9jx"
  role="img"
  style="align-items: center; justify-content: center; border-top-width: 1px; border-right-width: 1px; border-bottom-width: 1px; border-left-width: 1px; overflow-x: hidden; overflow-y: hidden; width: 40px; height: 40px; border-top-left-radius: 20px; border-top-right-radius: 20px; border-bottom-right-radius: 20px; border-bottom-left-radius: 20px; background-color: rgb(29, 53, 48); border-top-color: rgba(62, 219, 165, 0.18); border-right-color: rgba(62, 219, 165, 0.18); border-bottom-color: rgba(62, 219, 165, 0.18); border-left-color: rgba(62, 219, 165, 0.18);"
>
  <div
    class="css-text-146c3p1"
    dir="auto"
    style="color: rgb(221, 232, 226); font-family: DMSans_600SemiBold; font-weight: 600; letter-spacing: 0px; font-size: 15px; line-height: 18px;"
  >
    SN
  </div>
</div>
`;
