// Vitest Snapshot v1, https://vitest.dev/guide/snapshot.html

exports[`Input > matches light + dark snapshots > dark 1`] = `
<div
  class="css-view-g5y9jx"
  style="gap: 4px;"
>
  <div
    class="css-text-146c3p1"
    dir="auto"
    style="color: rgb(138, 170, 152); font-family: DMMono_400Regular; font-size: 12px; line-height: 18px; font-weight: 400; letter-spacing: 2.5px; text-transform: uppercase;"
  >
    Snap
  </div>
  <div
    class="css-view-g5y9jx"
    style="flex-direction: row; align-items: center; gap: 8px; min-height: 48px; border-top-left-radius: 12px; border-top-right-radius: 12px; border-bottom-right-radius: 12px; border-bottom-left-radius: 12px; border-top-width: 1px; border-right-width: 1px; border-bottom-width: 1px; border-left-width: 1px; padding-right: 12px; padding-left: 12px; border-top-color: rgba(62, 219, 165, 0.09); border-right-color: rgba(62, 219, 165, 0.09); border-bottom-color: rgba(62, 219, 165, 0.09); border-left-color: rgba(62, 219, 165, 0.09); background-color: rgb(23, 40, 32);"
  >
    <input
      aria-label="Snap"
      autocapitalize="sentences"
      autocomplete="on"
      autocorrect="on"
      class="css-textinput-11aywtz r-placeholderTextColor-6taxm2"
      dir="auto"
      rows="1"
      spellcheck="true"
      style="--placeholderTextColor: #7A9989; flex: 1 1 0%; padding-top: 12px; padding-bottom: 12px; color: rgb(221, 232, 226); font-family: DMSans_400Regular; font-size: 16px;"
      virtualkeyboardpolicy="auto"
    />
  </div>
</div>
`;

exports[`Input > matches light + dark snapshots > light 1`] = `
<div
  class="css-view-g5y9jx"
  style="gap: 4px;"
>
  <div
    class="css-text-146c3p1"
    dir="auto"
    style="color: rgb(138, 170, 152); font-family: DMMono_400Regular; font-size: 12px; line-height: 18px; font-weight: 400; letter-spacing: 2.5px; text-transform: uppercase;"
  >
    Snap
  </div>
  <div
    class="css-view-g5y9jx"
    style="flex-direction: row; align-items: center; gap: 8px; min-height: 48px; border-top-left-radius: 12px; border-top-right-radius: 12px; border-bottom-right-radius: 12px; border-bottom-left-radius: 12px; border-top-width: 1px; border-right-width: 1px; border-bottom-width: 1px; border-left-width: 1px; padding-right: 12px; padding-left: 12px; border-top-color: rgba(62, 219, 165, 0.09); border-right-color: rgba(62, 219, 165, 0.09); border-bottom-color: rgba(62, 219, 165, 0.09); border-left-color: rgba(62, 219, 165, 0.09); background-color: rgb(23, 40, 32);"
  >
    <input
      aria-label="Snap"
      autocapitalize="sentences"
      autocomplete="on"
      autocorrect="on"
      class="css-textinput-11aywtz r-placeholderTextColor-6taxm2"
      dir="auto"
      rows="1"
      spellcheck="true"
      style="--placeholderTextColor: #7A9989; flex: 1 1 0%; padding-top: 12px; padding-bottom: 12px; color: rgb(221, 232, 226); font-family: DMSans_400Regular; font-size: 16px;"
      virtualkeyboardpolicy="auto"
    />
  </div>
</div>
`;
