// Vitest Snapshot v1, https://vitest.dev/guide/snapshot.html

exports[`Switch > matches light + dark snapshots > dark 1`] = `
<div
  aria-label="snap"
  class="css-view-g5y9jx r-cursor-1loqt21 r-touchAction-1otgn73"
  role="switch"
  style="width: 48px; height: 28px; min-width: 48px; border-top-left-radius: 999px; border-top-right-radius: 999px; border-bottom-right-radius: 999px; border-bottom-left-radius: 999px; border-top-width: 1px; border-right-width: 1px; border-bottom-width: 1px; border-left-width: 1px; justify-content: center; background-color: rgb(62, 219, 165); border-top-color: rgb(62, 219, 165); border-right-color: rgb(62, 219, 165); border-bottom-color: rgb(62, 219, 165); border-left-color: rgb(62, 219, 165); opacity: 1;"
  tabindex="0"
>
  <div
    class="css-view-g5y9jx"
    style="width: 22px; height: 22px; border-top-left-radius: 999px; border-top-right-radius: 999px; border-bottom-right-radius: 999px; border-bottom-left-radius: 999px; background-color: rgb(7, 15, 12); transform: translateX(22px);"
  />
</div>
`;

exports[`Switch > matches light + dark snapshots > light 1`] = `
<div
  aria-label="snap"
  class="css-view-g5y9jx r-cursor-1loqt21 r-touchAction-1otgn73"
  role="switch"
  style="width: 48px; height: 28px; min-width: 48px; border-top-left-radius: 999px; border-top-right-radius: 999px; border-bottom-right-radius: 999px; border-bottom-left-radius: 999px; border-top-width: 1px; border-right-width: 1px; border-bottom-width: 1px; border-left-width: 1px; justify-content: center; background-color: rgb(62, 219, 165); border-top-color: rgb(62, 219, 165); border-right-color: rgb(62, 219, 165); border-bottom-color: rgb(62, 219, 165); border-left-color: rgb(62, 219, 165); opacity: 1;"
  tabindex="0"
>
  <div
    class="css-view-g5y9jx"
    style="width: 22px; height: 22px; border-top-left-radius: 999px; border-top-right-radius: 999px; border-bottom-right-radius: 999px; border-bottom-left-radius: 999px; background-color: rgb(7, 15, 12); transform: translateX(22px);"
  />
</div>
`;
