// Vitest Snapshot v1, https://vitest.dev/guide/snapshot.html

exports[`Text > matches light + dark snapshots > dark 1`] = `
<div
  class="css-text-146c3p1"
  dir="auto"
  style="color: rgb(221, 232, 226); font-family: Lora_400Regular_Italic; font-size: 24px; line-height: 32px; font-weight: 400; letter-spacing: 0px;"
>
  Snap
</div>
`;

exports[`Text > matches light + dark snapshots > light 1`] = `
<div
  class="css-text-146c3p1"
  dir="auto"
  style="color: rgb(221, 232, 226); font-family: Lora_400Regular_Italic; font-size: 24px; line-height: 32px; font-weight: 400; letter-spacing: 0px;"
>
  Snap
</div>
`;
