// Vitest Snapshot v1, https://vitest.dev/guide/snapshot.html

exports[`Divider > matches light + dark snapshots > dark 1`] = `
<div
  aria-hidden="true"
  class="css-view-g5y9jx"
  data-testid="snap"
  role="presentation"
  style="height: 1px; margin-top: 0px; margin-bottom: 0px; background-color: rgba(62, 219, 165, 0.09); align-self: stretch;"
/>
`;

exports[`Divider > matches light + dark snapshots > light 1`] = `
<div
  aria-hidden="true"
  class="css-view-g5y9jx"
  data-testid="snap"
  role="presentation"
  style="height: 1px; margin-top: 0px; margin-bottom: 0px; background-color: rgba(62, 219, 165, 0.09); align-self: stretch;"
/>
`;
