// Vitest Snapshot v1, https://vitest.dev/guide/snapshot.html

exports[`Toast > matches light + dark snapshots > dark 1`] = `
<div
  aria-label="warning: Snap"
  aria-live="polite"
  class="css-view-g5y9jx"
  role="alert"
  style="flex-direction: row; align-items: center; gap: 12px; padding: 16px; border-top-left-radius: 12px; border-top-right-radius: 12px; border-bottom-right-radius: 12px; border-bottom-left-radius: 12px; border-top-width: 1px; border-right-width: 1px; border-bottom-width: 1px; border-left-width: 1px; min-height: 56px; background-color: rgba(232, 184, 75, 0.08); border-top-color: rgba(232, 184, 75, 0.22); border-right-color: rgba(232, 184, 75, 0.22); border-bottom-color: rgba(232, 184, 75, 0.22); border-left-color: rgba(232, 184, 75, 0.22);"
>
  <div
    class="css-view-g5y9jx"
    style="flex: 1 1 0%; gap: 2px;"
  >
    <div
      class="css-text-146c3p1"
      dir="auto"
      style="color: rgb(232, 184, 75); font-family: DMMono_400Regular; font-size: 12px; line-height: 18px; font-weight: 400; letter-spacing: 2.5px; text-transform: uppercase;"
    >
      Snap
    </div>
  </div>
</div>
`;

exports[`Toast > matches light + dark snapshots > light 1`] = `
<div
  aria-label="warning: Snap"
  aria-live="polite"
  class="css-view-g5y9jx"
  role="alert"
  style="flex-direction: row; align-items: center; gap: 12px; padding: 16px; border-top-left-radius: 12px; border-top-right-radius: 12px; border-bottom-right-radius: 12px; border-bottom-left-radius: 12px; border-top-width: 1px; border-right-width: 1px; border-bottom-width: 1px; border-left-width: 1px; min-height: 56px; background-color: rgba(232, 184, 75, 0.08); border-top-color: rgba(232, 184, 75, 0.22); border-right-color: rgba(232, 184, 75, 0.22); border-bottom-color: rgba(232, 184, 75, 0.22); border-left-color: rgba(232, 184, 75, 0.22);"
>
  <div
    class="css-view-g5y9jx"
    style="flex: 1 1 0%; gap: 2px;"
  >
    <div
      class="css-text-146c3p1"
      dir="auto"
      style="color: rgb(232, 184, 75); font-family: DMMono_400Regular; font-size: 12px; line-height: 18px; font-weight: 400; letter-spacing: 2.5px; text-transform: uppercase;"
    >
      Snap
    </div>
  </div>
</div>
`;
