// Vitest Snapshot v1, https://vitest.dev/guide/snapshot.html

exports[`NishkritiLogo > matches light + dark snapshots > dark 1`] = `
<div
  aria-label="snap-logo"
  class="css-view-g5y9jx r-alignSelf-k200y"
  role="img"
>
  <div
    class="css-view-g5y9jx"
    style="width: 40px; height: 47.55555555555556px; transform: scale(1);"
  >
    <svg
      height="47.55555555555556"
      viewbox="0 0 180 214"
      width="40"
    >
      <defs>
        <lineargradient
          gradientunits="userSpaceOnUse"
          id="nishkriti-mg"
          x1="0"
          x2="180"
          y1="0"
          y2="214"
        >
          <stop
            offset="0%"
            stop-color="#B0F5DC"
          />
          <stop
            offset="30%"
            stop-color="#3EDBA5"
          />
          <stop
            offset="70%"
            stop-color="#22B88A"
          />
          <stop
            offset="100%"
            stop-color="#1B6B54"
          />
        </lineargradient>
        <lineargradient
          gradientunits="userSpaceOnUse"
          id="nishkriti-shine"
          x1="0"
          x2="164"
          y1="0"
          y2="0"
        >
          <stop
            offset="0%"
            stop-color="#B0F5DC"
            stop-opacity="0.3"
          />
          <stop
            offset="50%"
            stop-color="#5AEDB5"
            stop-opacity="1"
          />
          <stop
            offset="100%"
            stop-color="#B0F5DC"
            stop-opacity="0.3"
          />
        </lineargradient>
        <mask
          id="nishkriti-cx"
        >
          <rect
            fill="white"
            height="214"
            width="180"
            x="0"
            y="0"
          />
          <rect
            fill="black"
            height="68"
            rx="9"
            width="18"
            x="81"
            y="80"
          />
          <rect
            fill="black"
            height="18"
            rx="9"
            width="68"
            x="56"
            y="105"
          />
        </mask>
      </defs>
      <rect
        fill="url(#nishkriti-shine)"
        height="7"
        rx="3.5"
        width="164"
        x="8"
        y="4"
      />
      <path
        d="M12,28Q12,20 20,20L36,20Q44,20 44,28L44,122L136,20Q136,20 144,20L160,20Q168,20 168,28L168,200Q168,208 160,208L144,208Q136,208 136,200L136,106L44,208Q44,208 36,208L20,208Q12,208 12,200Z"
        fill="url(#nishkriti-mg)"
        mask="url(#nishkriti-cx)"
      />
      <path
        d="M46,114L68,114L76,112L78,116L80,114L84,106L87,124L90,100L93,128L96,106L98,114L106,114L134,114"
        fill="none"
        opacity="0.9"
        stroke="#3EDBA5"
        stroke-linecap="round"
        stroke-linejoin="round"
        stroke-width="1.8"
      />
    </svg>
  </div>
</div>
`;

exports[`NishkritiLogo > matches light + dark snapshots > light 1`] = `
<div
  aria-label="snap-logo"
  class="css-view-g5y9jx r-alignSelf-k200y"
  role="img"
>
  <div
    class="css-view-g5y9jx"
    style="width: 40px; height: 47.55555555555556px; transform: scale(1);"
  >
    <svg
      height="47.55555555555556"
      viewbox="0 0 180 214"
      width="40"
    >
      <defs>
        <lineargradient
          gradientunits="userSpaceOnUse"
          id="nishkriti-mg"
          x1="0"
          x2="180"
          y1="0"
          y2="214"
        >
          <stop
            offset="0%"
            stop-color="#B0F5DC"
          />
          <stop
            offset="30%"
            stop-color="#3EDBA5"
          />
          <stop
            offset="70%"
            stop-color="#22B88A"
          />
          <stop
            offset="100%"
            stop-color="#1B6B54"
          />
        </lineargradient>
        <lineargradient
          gradientunits="userSpaceOnUse"
          id="nishkriti-shine"
          x1="0"
          x2="164"
          y1="0"
          y2="0"
        >
          <stop
            offset="0%"
            stop-color="#B0F5DC"
            stop-opacity="0.3"
          />
          <stop
            offset="50%"
            stop-color="#5AEDB5"
            stop-opacity="1"
          />
          <stop
            offset="100%"
            stop-color="#B0F5DC"
            stop-opacity="0.3"
          />
        </lineargradient>
        <mask
          id="nishkriti-cx"
        >
          <rect
            fill="white"
            height="214"
            width="180"
            x="0"
            y="0"
          />
          <rect
            fill="black"
            height="68"
            rx="9"
            width="18"
            x="81"
            y="80"
          />
          <rect
            fill="black"
            height="18"
            rx="9"
            width="68"
            x="56"
            y="105"
          />
        </mask>
      </defs>
      <rect
        fill="url(#nishkriti-shine)"
        height="7"
        rx="3.5"
        width="164"
        x="8"
        y="4"
      />
      <path
        d="M12,28Q12,20 20,20L36,20Q44,20 44,28L44,122L136,20Q136,20 144,20L160,20Q168,20 168,28L168,200Q168,208 160,208L144,208Q136,208 136,200L136,106L44,208Q44,208 36,208L20,208Q12,208 12,200Z"
        fill="url(#nishkriti-mg)"
        mask="url(#nishkriti-cx)"
      />
      <path
        d="M46,114L68,114L76,112L78,116L80,114L84,106L87,124L90,100L93,128L96,106L98,114L106,114L134,114"
        fill="none"
        opacity="0.9"
        stroke="#3EDBA5"
        stroke-linecap="round"
        stroke-linejoin="round"
        stroke-width="1.8"
      />
    </svg>
  </div>
</div>
`;
