// Vitest Snapshot v1, https://vitest.dev/guide/snapshot.html

exports[`MealCard > matches light + dark snapshots > dark 1`] = `
<div
  aria-label="Breakfast: Rajma Chawal. 420 calories, 55g carbs, 18g protein, 12g fat."
  class="css-view-g5y9jx"
  style="border-top-left-radius: 18px; border-top-right-radius: 18px; border-bottom-right-radius: 18px; border-bottom-left-radius: 18px; padding: 16px; border-top-width: 1px; border-right-width: 1px; border-bottom-width: 1px; border-left-width: 1px; border-top-color: rgba(62, 219, 165, 0.09); border-right-color: rgba(62, 219, 165, 0.09); border-bottom-color: rgba(62, 219, 165, 0.09); border-left-color: rgba(62, 219, 165, 0.09); background-color: rgb(23, 40, 32);"
>
  <button
    aria-label="Toggle Rajma Chawal details"
    class="css-view-g5y9jx r-cursor-1loqt21 r-touchAction-1otgn73"
    role="button"
    style="flex-direction: row; align-items: center; gap: 12px; min-height: 44px;"
    tabindex="0"
    type="button"
  >
    <div
      class="css-view-g5y9jx"
      style="flex: 1 1 0%; gap: 2px;"
    >
      <div
        class="css-text-146c3p1"
        dir="auto"
        style="color: rgb(122, 153, 137); font-family: DMMono_400Regular; font-size: 12px; line-height: 18px; font-weight: 400; letter-spacing: 2.5px; text-transform: uppercase;"
      >
        Breakfast
      </div>
      <div
        class="css-text-146c3p1"
        dir="auto"
        style="color: rgb(221, 232, 226); font-family: Lora_500Medium; font-size: 20px; line-height: 28px; font-weight: 500; letter-spacing: 0px;"
      >
        Rajma Chawal
      </div>
    </div>
    <div
      class="css-text-146c3p1"
      dir="auto"
      style="color: rgb(168, 245, 213); font-family: Lora_400Regular_Italic; font-size: 24px; line-height: 32px; font-weight: 400; letter-spacing: 0px;"
    >
      +
    </div>
  </button>
  <div
    class="css-view-g5y9jx"
    style="flex-direction: row; gap: 20px; padding-top: 12px; padding-bottom: 12px;"
  >
    <div
      class="css-view-g5y9jx"
      style="align-items: center;"
    >
      <div
        class="css-text-146c3p1"
        dir="auto"
        style="color: rgb(122, 153, 137); font-family: DMMono_400Regular; font-size: 10px; line-height: 14px; font-weight: 400; letter-spacing: 2px; text-transform: uppercase;"
      >
        kcal
      </div>
      <div
        class="css-text-146c3p1"
        dir="auto"
        style="color: rgb(221, 232, 226); font-family: DMSans_600SemiBold; font-size: 18px; line-height: 26px; font-weight: 600; letter-spacing: 0px;"
      >
        420
      </div>
    </div>
    <div
      class="css-view-g5y9jx"
      style="align-items: center;"
    >
      <div
        class="css-text-146c3p1"
        dir="auto"
        style="color: rgb(122, 153, 137); font-family: DMMono_400Regular; font-size: 10px; line-height: 14px; font-weight: 400; letter-spacing: 2px; text-transform: uppercase;"
      >
        C
      </div>
      <div
        class="css-text-146c3p1"
        dir="auto"
        style="color: rgb(232, 184, 75); font-family: DMSans_600SemiBold; font-size: 18px; line-height: 26px; font-weight: 600; letter-spacing: 0px;"
      >
        55g
      </div>
    </div>
    <div
      class="css-view-g5y9jx"
      style="align-items: center;"
    >
      <div
        class="css-text-146c3p1"
        dir="auto"
        style="color: rgb(122, 153, 137); font-family: DMMono_400Regular; font-size: 10px; line-height: 14px; font-weight: 400; letter-spacing: 2px; text-transform: uppercase;"
      >
        P
      </div>
      <div
        class="css-text-146c3p1"
        dir="auto"
        style="color: rgb(62, 219, 165); font-family: DMSans_600SemiBold; font-size: 18px; line-height: 26px; font-weight: 600; letter-spacing: 0px;"
      >
        18g
      </div>
    </div>
    <div
      class="css-view-g5y9jx"
      style="align-items: center;"
    >
      <div
        class="css-text-146c3p1"
        dir="auto"
        style="color: rgb(122, 153, 137); font-family: DMMono_400Regular; font-size: 10px; line-height: 14px; font-weight: 400; letter-spacing: 2px; text-transform: uppercase;"
      >
        F
      </div>
      <div
        class="css-text-146c3p1"
        dir="auto"
        style="color: rgb(86, 155, 192); font-family: DMSans_600SemiBold; font-size: 18px; line-height: 26px; font-weight: 600; letter-spacing: 0px;"
      >
        12g
      </div>
    </div>
  </div>
</div>
`;

exports[`MealCard > matches light + dark snapshots > light 1`] = `
<div
  aria-label="Breakfast: Rajma Chawal. 420 calories, 55g carbs, 18g protein, 12g fat."
  class="css-view-g5y9jx"
  style="border-top-left-radius: 18px; border-top-right-radius: 18px; border-bottom-right-radius: 18px; border-bottom-left-radius: 18px; padding: 16px; border-top-width: 1px; border-right-width: 1px; border-bottom-width: 1px; border-left-width: 1px; border-top-color: rgba(62, 219, 165, 0.09); border-right-color: rgba(62, 219, 165, 0.09); border-bottom-color: rgba(62, 219, 165, 0.09); border-left-color: rgba(62, 219, 165, 0.09); background-color: rgb(23, 40, 32);"
>
  <button
    aria-label="Toggle Rajma Chawal details"
    class="css-view-g5y9jx r-cursor-1loqt21 r-touchAction-1otgn73"
    role="button"
    style="flex-direction: row; align-items: center; gap: 12px; min-height: 44px;"
    tabindex="0"
    type="button"
  >
    <div
      class="css-view-g5y9jx"
      style="flex: 1 1 0%; gap: 2px;"
    >
      <div
        class="css-text-146c3p1"
        dir="auto"
        style="color: rgb(122, 153, 137); font-family: DMMono_400Regular; font-size: 12px; line-height: 18px; font-weight: 400; letter-spacing: 2.5px; text-transform: uppercase;"
      >
        Breakfast
      </div>
      <div
        class="css-text-146c3p1"
        dir="auto"
        style="color: rgb(221, 232, 226); font-family: Lora_500Medium; font-size: 20px; line-height: 28px; font-weight: 500; letter-spacing: 0px;"
      >
        Rajma Chawal
      </div>
    </div>
    <div
      class="css-text-146c3p1"
      dir="auto"
      style="color: rgb(168, 245, 213); font-family: Lora_400Regular_Italic; font-size: 24px; line-height: 32px; font-weight: 400; letter-spacing: 0px;"
    >
      +
    </div>
  </button>
  <div
    class="css-view-g5y9jx"
    style="flex-direction: row; gap: 20px; padding-top: 12px; padding-bottom: 12px;"
  >
    <div
      class="css-view-g5y9jx"
      style="align-items: center;"
    >
      <div
        class="css-text-146c3p1"
        dir="auto"
        style="color: rgb(122, 153, 137); font-family: DMMono_400Regular; font-size: 10px; line-height: 14px; font-weight: 400; letter-spacing: 2px; text-transform: uppercase;"
      >
        kcal
      </div>
      <div
        class="css-text-146c3p1"
        dir="auto"
        style="color: rgb(221, 232, 226); font-family: DMSans_600SemiBold; font-size: 18px; line-height: 26px; font-weight: 600; letter-spacing: 0px;"
      >
        420
      </div>
    </div>
    <div
      class="css-view-g5y9jx"
      style="align-items: center;"
    >
      <div
        class="css-text-146c3p1"
        dir="auto"
        style="color: rgb(122, 153, 137); font-family: DMMono_400Regular; font-size: 10px; line-height: 14px; font-weight: 400; letter-spacing: 2px; text-transform: uppercase;"
      >
        C
      </div>
      <div
        class="css-text-146c3p1"
        dir="auto"
        style="color: rgb(232, 184, 75); font-family: DMSans_600SemiBold; font-size: 18px; line-height: 26px; font-weight: 600; letter-spacing: 0px;"
      >
        55g
      </div>
    </div>
    <div
      class="css-view-g5y9jx"
      style="align-items: center;"
    >
      <div
        class="css-text-146c3p1"
        dir="auto"
        style="color: rgb(122, 153, 137); font-family: DMMono_400Regular; font-size: 10px; line-height: 14px; font-weight: 400; letter-spacing: 2px; text-transform: uppercase;"
      >
        P
      </div>
      <div
        class="css-text-146c3p1"
        dir="auto"
        style="color: rgb(62, 219, 165); font-family: DMSans_600SemiBold; font-size: 18px; line-height: 26px; font-weight: 600; letter-spacing: 0px;"
      >
        18g
      </div>
    </div>
    <div
      class="css-view-g5y9jx"
      style="align-items: center;"
    >
      <div
        class="css-text-146c3p1"
        dir="auto"
        style="color: rgb(122, 153, 137); font-family: DMMono_400Regular; font-size: 10px; line-height: 14px; font-weight: 400; letter-spacing: 2px; text-transform: uppercase;"
      >
        F
      </div>
      <div
        class="css-text-146c3p1"
        dir="auto"
        style="color: rgb(86, 155, 192); font-family: DMSans_600SemiBold; font-size: 18px; line-height: 26px; font-weight: 600; letter-spacing: 0px;"
      >
        12g
      </div>
    </div>
  </div>
</div>
`;
